// Jest Snapshot v1, https://goo.gl/fbAQLP

exports[`City not found 1`] = `
<div
  className="loader"
>
  <b>
    Загрузка
  </b>
  <img
    alt=""
    className="loading-icon"
    src=""
  />
</div>
`;

exports[`Loading 1`] = `
<div
  className="loader"
>
  <b>
    Загрузка
  </b>
  <img
    alt=""
    className="loading-icon"
    src=""
  />
</div>
`;

exports[`Loading 2`] = `
<div
  className="loader"
>
  <b>
    Загрузка
  </b>
  <img
    alt=""
    className="loading-icon"
    src=""
  />
</div>
`;

exports[`Network error 1`] = `
<div
  className="loader"
>
  <b>
    Загрузка
  </b>
  <img
    alt=""
    className="loading-icon"
    src=""
  />
</div>
`;

exports[`Rendered local city 1`] = `
<div
  className="loader"
>
  <b>
    Загрузка
  </b>
  <img
    alt=""
    className="loading-icon"
    src=""
  />
</div>
`;

exports[`Rendered selected city 1`] = `
<div
  className="loader"
>
  <b>
    Загрузка
  </b>
  <img
    alt=""
    className="loading-icon"
    src=""
  />
</div>
`;

exports[`Server error 1`] = `
<div
  className="loader"
>
  <b>
    Загрузка
  </b>
  <img
    alt=""
    className="loading-icon"
    src=""
  />
</div>
`;

exports[`Server error 2`] = `
<div
  className="loader"
>
  <b>
    Загрузка
  </b>
  <img
    alt=""
    className="loading-icon"
    src=""
  />
</div>
`;
