// Jest Snapshot v1, https://goo.gl/fbAQLP

exports[`Add city in selected city list 1`] = `
<div
  className="container"
>
  <div
    className="header"
  >
    <div
      className="part"
    >
      Избранное
    </div>
    <form
      onSubmit={[Function]}
    >
      <input
        name="city"
        placeholder="Введите название города..."
        type="text"
      />
      <button
        className="itemsButton"
        type="submit"
      >
        +
      </button>
    </form>
  </div>
  <div
    className="items"
  >
    <div
      className="loader"
    >
      <b>
        Загрузка
      </b>
      <img
        alt=""
        className="loading-icon"
        src=""
      />
    </div>
    <div
      className="loader"
    >
      <b>
        Загрузка
      </b>
      <img
        alt=""
        className="loading-icon"
        src=""
      />
    </div>
    <div
      className="loader"
    >
      <b>
        Загрузка
      </b>
      <img
        alt=""
        className="loading-icon"
        src=""
      />
    </div>
  </div>
</div>
`;

exports[`Add city with not found error in selected city list 1`] = `
<div
  className="container"
>
  <div
    className="header"
  >
    <div
      className="part"
    >
      Избранное
    </div>
    <form
      onSubmit={[Function]}
    >
      <input
        name="city"
        placeholder="Введите название города..."
        type="text"
      />
      <button
        className="itemsButton"
        type="submit"
      >
        +
      </button>
    </form>
  </div>
  <div
    className="items"
  >
    <div
      className="loader"
    >
      <b>
        Загрузка
      </b>
      <img
        alt=""
        className="loading-icon"
        src=""
      />
    </div>
    <div
      className="loader"
    >
      <b>
        Загрузка
      </b>
      <img
        alt=""
        className="loading-icon"
        src=""
      />
    </div>
    <div
      className="loader"
    >
      <b>
        Загрузка
      </b>
      <img
        alt=""
        className="loading-icon"
        src=""
      />
    </div>
  </div>
</div>
`;

exports[`Rendered selected city 1`] = `
<div
  className="container"
>
  <div
    className="header"
  >
    <div
      className="part"
    >
      Избранное
    </div>
    <form
      onSubmit={[Function]}
    >
      <input
        name="city"
        placeholder="Введите название города..."
        type="text"
      />
      <button
        className="itemsButton"
        type="submit"
      >
        +
      </button>
    </form>
  </div>
  <div
    className="items"
  >
    <div
      className="loader"
    >
      <b>
        Загрузка
      </b>
      <img
        alt=""
        className="loading-icon"
        src=""
      />
    </div>
    <div
      className="loader"
    >
      <b>
        Загрузка
      </b>
      <img
        alt=""
        className="loading-icon"
        src=""
      />
    </div>
  </div>
</div>
`;
